<dataset>
    <TESTENTITY NAME="Test1" />
    <TESTENTITY NAME="Test2" />
    <TESTENTITY NAME="testSave" />
</dataset>