<dataset>
    <TESTENTITY NAME="testSave" />
</dataset>