<dataset>
    <TESTENTITY ID="1" NAME="Test1" />
</dataset>