<dataset>
    <TESTENTITY ID="1" NAME="Updated" />
    <TESTENTITY ID="2" NAME="Test2" />
</dataset>